<?xml version="1.0" encoding="utf-8"?><testsuites name="pytest tests"><testsuite name="pytest" errors="1" failures="0" skipped="0" tests="1" time="2.658" timestamp="2026-01-14T17:47:08.938087+01:00" hostname="Bestia"><testcase classname="tests.e2e.test_anonymous_exchange_rates" name="test_anonymous_user_views_daily_exchange_rates[chromium]" time="2.499"><error message="failed on setup with &quot;playwright._impl._errors.Error: BrowserType.launch: Executable doesn't exist at C:\Users\Krzychu\AppData\Local\ms-playwright\chromium_headless_shell-1200\chrome-headless-shell-win64\chrome-headless-shell.exe&#10;╔════════════════════════════════════════════════════════════╗&#10;║ Looks like Playwright was just installed or updated.       ║&#10;║ Please run the following command to download new browsers: ║&#10;║                                                            ║&#10;║     playwright install                                     ║&#10;║                                                            ║&#10;║ &lt;3 Playwright Team                                         ║&#10;╚════════════════════════════════════════════════════════════╝&quot;">launch_browser = &lt;function launch_browser.&lt;locals&gt;.launch at 0x000001B6E51DECA0&gt;

    @pytest.fixture(scope="session")
    def browser(launch_browser: Callable[[], Browser]) -&gt; Generator[Browser, None, None]:
&gt;       browser = launch_browser()
                  ^^^^^^^^^^^^^^^^

..\..\..\AppData\Local\Packages\PythonSoftwareFoundation.Python.3.12_qbz5n2kfra8p0\LocalCache\local-packages\Python312\site-packages\pytest_playwright\pytest_playwright.py:282: 
_ _ _ _ _ _ _ _ _ _ _ _ _ _ _ _ _ _ _ _ _ _ _ _ _ _ _ _ _ _ _ _ _ _ _ _ _ _ _ _ _ _ _ _ _ _ _ _ _ _ _ _ _ _ _ _ _
..\..\..\AppData\Local\Packages\PythonSoftwareFoundation.Python.3.12_qbz5n2kfra8p0\LocalCache\local-packages\Python312\site-packages\pytest_playwright\pytest_playwright.py:274: in launch
    browser = browser_type.launch(**launch_options)
              ^^^^^^^^^^^^^^^^^^^^^^^^^^^^^^^^^^^^^
..\..\..\AppData\Local\Packages\PythonSoftwareFoundation.Python.3.12_qbz5n2kfra8p0\LocalCache\local-packages\Python312\site-packages\playwright\sync_api\_generated.py:14568: in launch
    self._sync(
..\..\..\AppData\Local\Packages\PythonSoftwareFoundation.Python.3.12_qbz5n2kfra8p0\LocalCache\local-packages\Python312\site-packages\playwright\_impl\_browser_type.py:98: in launch
    await self._channel.send(
..\..\..\AppData\Local\Packages\PythonSoftwareFoundation.Python.3.12_qbz5n2kfra8p0\LocalCache\local-packages\Python312\site-packages\playwright\_impl\_connection.py:69: in send
    return await self._connection.wrap_api_call(
_ _ _ _ _ _ _ _ _ _ _ _ _ _ _ _ _ _ _ _ _ _ _ _ _ _ _ _ _ _ _ _ _ _ _ _ _ _ _ _ _ _ _ _ _ _ _ _ _ _ _ _ _ _ _ _ _

self = &lt;playwright._impl._connection.Connection object at 0x000001B6E546EED0&gt;
cb = &lt;function Channel.send.&lt;locals&gt;.&lt;lambda&gt; at 0x000001B6E54904A0&gt;, is_internal = False, title = None

    async def wrap_api_call(
        self, cb: Callable[[], Any], is_internal: bool = False, title: str = None
    ) -&gt; Any:
        if self._api_zone.get():
            return await cb()
        task = asyncio.current_task(self._loop)
        st: List[inspect.FrameInfo] = getattr(
            task, "__pw_stack__", None
        ) or inspect.stack(0)
    
        parsed_st = _extract_stack_trace_information_from_stack(st, is_internal, title)
        self._api_zone.set(parsed_st)
        try:
            return await cb()
        except Exception as error:
&gt;           raise rewrite_error(error, f"{parsed_st['apiName']}: {error}") from None
E           playwright._impl._errors.Error: BrowserType.launch: Executable doesn't exist at C:\Users\Krzychu\AppData\Local\ms-playwright\chromium_headless_shell-1200\chrome-headless-shell-win64\chrome-headless-shell.exe
E           ╔════════════════════════════════════════════════════════════╗
E           ║ Looks like Playwright was just installed or updated.       ║
E           ║ Please run the following command to download new browsers: ║
E           ║                                                            ║
E           ║     playwright install                                     ║
E           ║                                                            ║
E           ║ &lt;3 Playwright Team                                         ║
E           ╚════════════════════════════════════════════════════════════╝

..\..\..\AppData\Local\Packages\PythonSoftwareFoundation.Python.3.12_qbz5n2kfra8p0\LocalCache\local-packages\Python312\site-packages\playwright\_impl\_connection.py:559: Error</error></testcase></testsuite></testsuites>